// Jest Snapshot v1, https://goo.gl/fbAQLP

exports[`<IconComponent /> Should match snapshot 1`] = `<Text />`;
