// Jest Snapshot v1, https://goo.gl/fbAQLP

exports[`<LoaderComponent /> Should match snapshot 1`] = `
<View
  style={
    [
      {},
      undefined,
    ]
  }
>
  <ActivityIndicator />
</View>
`;
