// Jest Snapshot v1, https://goo.gl/fbAQLP

exports[`<ErrorMessage /> should match snapshot 1`] = `
<Text
  style={
    {
      "color": "rgba(220, 38, 38, 1)",
      "fontSize": 12,
      "lineHeight": 16,
      "paddingBottom": 4,
    }
  }
>
  Something went wrong
</Text>
`;
