// Jest Snapshot v1, https://goo.gl/fbAQLP

exports[`<LoginButtonWithText /> should match snapshot 1`] = `
<View
  accessible={true}
  collapsable={false}
  focusable={true}
  onClick={[Function]}
  onResponderGrant={[Function]}
  onResponderMove={[Function]}
  onResponderRelease={[Function]}
  onResponderTerminate={[Function]}
  onResponderTerminationRequest={[Function]}
  onStartShouldSetResponder={[Function]}
  style={
    {
      "marginTop": 32,
      "opacity": 1,
    }
  }
  testID="LoginButtonWithText.Button"
>
  <Text
    style={
      {
        "color": "rgba(255, 255, 255, 1)",
        "fontFamily": "RegularFont",
        "fontSize": 14,
        "fontWeight": "400",
        "lineHeight": 20,
        "textAlign": "center",
      }
    }
    testID="LoginButtonWithText.Text"
  >
    Do you have an account? Login
  </Text>
</View>
`;
