// Jest Snapshot v1, https://goo.gl/fbAQLP

exports[`<WelcomeButtonSheet /> should match snapshot 1`] = `
[
  <View
    onLayout={[Function]}
    pointerEvents="box-none"
    style={
      [
        undefined,
        {
          "bottom": 0,
          "left": 0,
          "position": "absolute",
          "right": 0,
          "top": 0,
        },
        {
          "bottom": 0,
          "overflow": "hidden",
          "top": 0,
        },
      ]
    }
  />,
  <RCTSafeAreaView
    style={
      {
        "flexDirection": "column",
        "height": "100%",
        "left": 0,
        "position": "absolute",
        "top": 0,
        "width": "100%",
        "zIndex": 50,
      }
    }
  />,
]
`;
