// Jest Snapshot v1, https://goo.gl/fbAQLP

exports[`<GenericButton /> Should match snapshot 1`] = `[Function]`;
